  CG_A5_202112354.cpp
  GLM: rotate function taking degrees as a parameter is deprecated. #define GLM_FORCE_RADIANS before including GLM headers to remove this message.
  GLM: rotate_slow function taking degrees as a parameter is deprecated. #define GLM_FORCE_RADIANS before including GLM headers to remove this message.
  GLM: perspective function taking degrees as a parameter is deprecated. #define GLM_FORCE_RADIANS before including GLM headers to remove this message.
  GLM: perspectiveFov function taking degrees as a parameter is deprecated. #define GLM_FORCE_RADIANS before including GLM headers to remove this message.
  GLM: infinitePerspective function taking degrees as a parameter is deprecated. #define GLM_FORCE_RADIANS before including GLM headers to remove this message.
  GLM: tweakedInfinitePerspective function taking degrees as a parameter is deprecated. #define GLM_FORCE_RADIANS before including GLM headers to remove this message.
  GLM: rotate function taking degrees as a parameter is deprecated. #define GLM_FORCE_RADIANS before including GLM headers to remove this message.
  GLM: roll function returning degrees is deprecated. #define GLM_FORCE_RADIANS before including GLM headers to remove this message.
  GLM: pitch function returning degrees is deprecated. #define GLM_FORCE_RADIANS before including GLM headers to remove this message.
  GLM: yaw function returning degrees is deprecated. #define GLM_FORCE_RADIANS before including GLM headers to remove this message.
  GLM: angle function returning degrees is deprecated. #define GLM_FORCE_RADIANS before including GLM headers to remove this message.
  GLM: angleAxis function taking degrees as a parameter is deprecated. #define GLM_FORCE_RADIANS before including GLM headers to remove this message.
C:\CG_A5_202112354\CG_A5_202112354\CG_A5_202112354.cpp(104,36): warning C4244: '=': conversion from 'double' to 'float', possible loss of data
C:\CG_A5_202112354\CG_A5_202112354\CG_A5_202112354.cpp(105,40): warning C4244: '=': conversion from 'double' to 'float', possible loss of data
C:\CG_A5_202112354\CG_A5_202112354\CG_A5_202112354.cpp(208,12): warning C4244: 'initializing': conversion from 'float' to 'int', possible loss of data
C:\CG_A5_202112354\CG_A5_202112354\CG_A5_202112354.cpp(209,12): warning C4244: 'initializing': conversion from 'float' to 'int', possible loss of data
C:\CG_A5_202112354\CG_A5_202112354\CG_A5_202112354.cpp(210,12): warning C4244: 'initializing': conversion from 'float' to 'int', possible loss of data
C:\CG_A5_202112354\CG_A5_202112354\CG_A5_202112354.cpp(211,12): warning C4244: 'initializing': conversion from 'float' to 'int', possible loss of data
  EmptyViewer.vcxproj -> C:\CG_A5_202112354\bin\CG_A5_202112354.exe
